node.exe : npm verbose 
cli C:\Program 
Files\nodejs\node.exe C
:\Users\agnid\AppData\R
oaming\npm\node_modules
\npm\bin\npm-cli.js
At C:\Program Files\nod
ejs\npm.ps1:29 char:3
+   & $NODE_EXE 
$NPM_CLI_JS $args
+   ~~~~~~~~~~~~~~~~~~~
~~~~~~~~~~
    + CategoryInfo     
         : NotSpecifi  
  ed: (npm verbose c   
 li...\bin\npm-cli.    
js:String) [], Rem    
oteException
    + FullyQualifiedEr 
   rorId : NativeComm  
  andError
 
npm info using 
npm@11.4.1
npm info using 
node@v22.16.0
npm verbose title npm 
run build
npm verbose argv "run" 
"build" "--loglevel" 
"verbose"
npm verbose logfile 
logs-max:10 dir:C:\User
s\agnid\AppData\Local\n
pm-cache\_logs\2026-03-
06T17_09_29_265Z-
npm verbose logfile C:\
Users\agnid\AppData\Loc
al\npm-cache\_logs\2026
-03-06T17_09_29_265Z-de
bug-0.log

> the-nice-side@0.0.0 build
> vite build

[36mvite v6.3.5 [32mbuilding for production...[36m[39m
transforming...
[32mΓ£ô[39m 12 modules transformed.
[31mΓ£ù[39m Build 
failed in 217ms
[31merror during 
build:
[31m[vite:esbuild] 
Transform failed with 
1 error:
C:/Users/agnid/Download
s/the-nice-side/src/com
ponents/FlightDetailsFo
rm.jsx:291:7: ERROR: 
Multiple exports with 
the same name 
"default"[31m
file: [36mC:/Users/agn
id/Downloads/the-nice-s
ide/src/components/Flig
htDetailsForm.jsx:291:7
[31m
[33m
[33mMultiple exports 
with the same name 
"default"[33m
289|  
290|  // Forward ref
291|  export default Re
act.forwardRef(FlightDe
tailsForm);
   |         ^
292|  
[31m
    at 
failureErrorWithLog (C:
\Users\agnid\Downloads\
the-nice-side\node_modu
les\esbuild\lib\main.js
:1463:15)
    at C:\Users\agnid\D
ownloads\the-nice-side\
node_modules\esbuild\li
b\main.js:734:50
    at responseCallback
s.<computed> (C:\Users\
agnid\Downloads\the-nic
e-side\node_modules\esb
uild\lib\main.js:601:9)
    at 
handleIncomingPacket (C
:\Users\agnid\Downloads
\the-nice-side\node_mod
ules\esbuild\lib\main.j
s:656:12)
    at 
Socket.readFromStdout (
C:\Users\agnid\Download
s\the-nice-side\node_mo
dules\esbuild\lib\main.
js:579:7)
    at Socket.emit 
(node:events:518:28)
    at addChunk (node:i
nternal/streams/readabl
e:561:12)
    at readableAddChunk
PushByteMode (node:inte
rnal/streams/readable:5
12:3)
    at Readable.push (n
ode:internal/streams/re
adable:392:5)
    at 
Pipe.onStreamRead (node
:internal/stream_base_c
ommons:189:23)[39m
npm verbose cwd C:\User
s\agnid\Downloads\the-n
ice-side
npm verbose os 
Windows_NT 10.0.26220
npm verbose node 
v22.16.0
npm verbose npm  
v11.4.1
npm verbose exit 1
npm verbose code 1
